// Jest Snapshot v1, https://goo.gl/fbAQLP

exports[`A Hello World Component Should render without throwing an error 1`] = `
<div>
  <h1>
    Hello World
  </h1>
</div>
`;
