// Jest Snapshot v1, https://goo.gl/fbAQLP

exports[`A Link Component  It should render without throwing an error  1`] = `
<ForwardRef(WithAnalyticsContext(WithAnalyticsEvents(WithDeprecationWarnings(Button))))
  isSelected={true}
  onClick={[MockFunction]}
  style={
    Object {
      "marginLeft": "4px",
    }
  }
/>
`;
