// Jest Snapshot v1, https://goo.gl/fbAQLP

exports[`A Link Component  It should render without throwing an error  1`] = `
<li
  style={
    Object {
      "textDecoration": "none",
    }
  }
/>
`;
